{
  "version": "1.5.0",
  "plugins_used": [
    {
      "name": "ArtifactoryDetector"
    },
    {
      "name": "AWSKeyDetector"
    },
    {
      "name": "AzureStorageKeyDetector"
    },
    {
      "name": "Base64HighEntropyString",
      "limit": 4.5
    },
    {
      "name": "BasicAuthDetector"
    },
    {
      "name": "CloudantDetector"
    },
    {
      "name": "DiscordBotTokenDetector"
    },
    {
      "name": "GitHubTokenDetector"
    },
    {
      "name": "GitLabTokenDetector"
    },
    {
      "name": "HexHighEntropyString",
      "limit": 3.0
    },
    {
      "name": "IbmCloudIamDetector"
    },
    {
      "name": "IbmCosHmacDetector"
    },
    {
      "name": "IPPublicDetector"
    },
    {
      "name": "JwtTokenDetector"
    },
    {
      "name": "KeywordDetector",
      "keyword_exclude": ""
    },
    {
      "name": "MailchimpDetector"
    },
    {
      "name": "NpmDetector"
    },
    {
      "name": "OpenAIDetector"
    },
    {
      "name": "PrivateKeyDetector"
    },
    {
      "name": "PypiTokenDetector"
    },
    {
      "name": "SendGridDetector"
    },
    {
      "name": "SlackDetector"
    },
    {
      "name": "SoftlayerDetector"
    },
    {
      "name": "SquareOAuthDetector"
    },
    {
      "name": "StripeDetector"
    },
    {
      "name": "TelegramBotTokenDetector"
    },
    {
      "name": "TwilioKeyDetector"
    }
  ],
  "filters_used": [
    {
      "path": "detect_secrets.filters.allowlist.is_line_allowlisted"
    },
    {
      "path": "detect_secrets.filters.common.is_ignored_due_to_verification_policies",
      "min_level": 2
    },
    {
      "path": "detect_secrets.filters.heuristic.is_indirect_reference"
    },
    {
      "path": "detect_secrets.filters.heuristic.is_likely_id_string"
    },
    {
      "path": "detect_secrets.filters.heuristic.is_lock_file"
    },
    {
      "path": "detect_secrets.filters.heuristic.is_not_alphanumeric_string"
    },
    {
      "path": "detect_secrets.filters.heuristic.is_potential_uuid"
    },
    {
      "path": "detect_secrets.filters.heuristic.is_prefixed_with_dollar_sign"
    },
    {
      "path": "detect_secrets.filters.heuristic.is_sequential_string"
    },
    {
      "path": "detect_secrets.filters.heuristic.is_swagger_file"
    },
    {
      "path": "detect_secrets.filters.heuristic.is_templated_secret"
    },
    {
      "path": "detect_secrets.filters.regex.should_exclude_file",
      "pattern": [
        "(\\.db$|\\.pdf$|\\.npz$)"
      ]
    }
  ],
  "results": {
    ".env.example": [
      {
        "type": "Secret Keyword",
        "filename": ".env.example",
        "hashed_secret": "9538b4137ea652889a9383dff9a1d59aaa56ffe0",
        "is_verified": false,
        "line_number": 15
      },
      {
        "type": "Basic Auth Credentials",
        "filename": ".env.example",
        "hashed_secret": "19cb82ee31c0d0c231057a1167ef6f3e5f8a2a4c",
        "is_verified": false,
        "line_number": 31
      }
    ],
    ".env.local.example": [
      {
        "type": "Basic Auth Credentials",
        "filename": ".env.local.example",
        "hashed_secret": "19cb82ee31c0d0c231057a1167ef6f3e5f8a2a4c",
        "is_verified": false,
        "line_number": 20
      }
    ],
    ".github/workflows/ci-cd.yml": [
      {
        "type": "Secret Keyword",
        "filename": ".github/workflows/ci-cd.yml",
        "hashed_secret": "19cb82ee31c0d0c231057a1167ef6f3e5f8a2a4c",
        "is_verified": false,
        "line_number": 73
      },
      {
        "type": "Basic Auth Credentials",
        "filename": ".github/workflows/ci-cd.yml",
        "hashed_secret": "19cb82ee31c0d0c231057a1167ef6f3e5f8a2a4c",
        "is_verified": false,
        "line_number": 100
      }
    ],
    "README.md": [
      {
        "type": "Secret Keyword",
        "filename": "README.md",
        "hashed_secret": "c7a8c334eef5d1749fface7d42c66f9ae5e8cf36",
        "is_verified": false,
        "line_number": 194
      },
      {
        "type": "Basic Auth Credentials",
        "filename": "README.md",
        "hashed_secret": "19cb82ee31c0d0c231057a1167ef6f3e5f8a2a4c",
        "is_verified": false,
        "line_number": 503
      }
    ],
    "ai_devops_assistant/config/settings.py": [
      {
        "type": "Basic Auth Credentials",
        "filename": "ai_devops_assistant/config/settings.py",
        "hashed_secret": "19cb82ee31c0d0c231057a1167ef6f3e5f8a2a4c",
        "is_verified": false,
        "line_number": 33
      }
    ],
    "docker-compose.secrets.yml": [
      {
        "type": "Secret Keyword",
        "filename": "docker-compose.secrets.yml",
        "hashed_secret": "19cb82ee31c0d0c231057a1167ef6f3e5f8a2a4c",
        "is_verified": false,
        "line_number": 26
      },
      {
        "type": "Basic Auth Credentials",
        "filename": "docker-compose.secrets.yml",
        "hashed_secret": "19cb82ee31c0d0c231057a1167ef6f3e5f8a2a4c",
        "is_verified": false,
        "line_number": 77
      },
      {
        "type": "Secret Keyword",
        "filename": "docker-compose.secrets.yml",
        "hashed_secret": "d033e22ae348aeb5660fc2140aec35850c4da997",
        "is_verified": false,
        "line_number": 141
      }
    ],
    "docs/legacy/MCP_README.md": [
      {
        "type": "Secret Keyword",
        "filename": "docs/legacy/MCP_README.md",
        "hashed_secret": "564e340cd48437d2dfe876ee154cc99dc4d0d137",
        "is_verified": false,
        "line_number": 462
      }
    ],
    "infra/kubernetes/external-secrets-config.yaml": [
      {
        "type": "Secret Keyword",
        "filename": "infra/kubernetes/external-secrets-config.yaml",
        "hashed_secret": "ee1b507610b2d8c366ece22a8d89c6487c710db5",
        "is_verified": false,
        "line_number": 100
      },
      {
        "type": "Secret Keyword",
        "filename": "infra/kubernetes/external-secrets-config.yaml",
        "hashed_secret": "f95aee37b6e0a785c01a9e5bc9bcc8efe63a2a92",
        "is_verified": false,
        "line_number": 104
      },
      {
        "type": "Secret Keyword",
        "filename": "infra/kubernetes/external-secrets-config.yaml",
        "hashed_secret": "4e885a531b6b1d8de723d3486295fa50abfad9b4",
        "is_verified": false,
        "line_number": 108
      },
      {
        "type": "Secret Keyword",
        "filename": "infra/kubernetes/external-secrets-config.yaml",
        "hashed_secret": "3afd11fedd11e6c813ad17149c4fe4439b5db56c",
        "is_verified": false,
        "line_number": 112
      },
      {
        "type": "Secret Keyword",
        "filename": "infra/kubernetes/external-secrets-config.yaml",
        "hashed_secret": "f35945972ebe798ae4b0f602fa7614f6368d0b2d",
        "is_verified": false,
        "line_number": 116
      },
      {
        "type": "Secret Keyword",
        "filename": "infra/kubernetes/external-secrets-config.yaml",
        "hashed_secret": "f7dc616203814b4dc389889b70dbb7343885ef76",
        "is_verified": false,
        "line_number": 120
      },
      {
        "type": "Secret Keyword",
        "filename": "infra/kubernetes/external-secrets-config.yaml",
        "hashed_secret": "b461a6c49cd6fc523022d558fdf76ac8321ea24e",
        "is_verified": false,
        "line_number": 124
      },
      {
        "type": "Secret Keyword",
        "filename": "infra/kubernetes/external-secrets-config.yaml",
        "hashed_secret": "d14f0aefe1495fd45ba3a7f757a55015a34a06eb",
        "is_verified": false,
        "line_number": 128
      },
      {
        "type": "Secret Keyword",
        "filename": "infra/kubernetes/external-secrets-config.yaml",
        "hashed_secret": "d59d99d7eca54a0fbd5181e9c85e05c6d9f9b4ab",
        "is_verified": false,
        "line_number": 132
      },
      {
        "type": "Secret Keyword",
        "filename": "infra/kubernetes/external-secrets-config.yaml",
        "hashed_secret": "9ce48293aff4cc93822731e8ff23cab9027ba25a",
        "is_verified": false,
        "line_number": 136
      }
    ],
    "infra/kubernetes/helm/values-production.yaml": [
      {
        "type": "Secret Keyword",
        "filename": "infra/kubernetes/helm/values-production.yaml",
        "hashed_secret": "4699fe5a91dd8a54af00e64248040f929d7dfa65",
        "is_verified": false,
        "line_number": 75
      },
      {
        "type": "Secret Keyword",
        "filename": "infra/kubernetes/helm/values-production.yaml",
        "hashed_secret": "aec2a9812b92c5c10d08873c7159ec366eab7ca4",
        "is_verified": false,
        "line_number": 108
      }
    ],
    "infra/kubernetes/helm/values.yaml": [
      {
        "type": "Secret Keyword",
        "filename": "infra/kubernetes/helm/values.yaml",
        "hashed_secret": "4699fe5a91dd8a54af00e64248040f929d7dfa65",
        "is_verified": false,
        "line_number": 162
      }
    ],
    "infra/kubernetes/secret.yaml": [
      {
        "type": "Secret Keyword",
        "filename": "infra/kubernetes/secret.yaml",
        "hashed_secret": "e0de42fb88018869410b3309e7c052f13ab5a6c2",
        "is_verified": false,
        "line_number": 33
      }
    ]
  },
  "generated_at": "2026-07-18T08:11:59Z"
}
